2020/05/14 10:22:00 [error] 42588#0: *7 open() "/Users/dinhthienphuc/Projects/KAI/learn-nginx/html/gae" failed (2: No such file or directory), client: 127.0.0.1, server: www.my-type.vn, request: "GET /gae HTTP/1.1", host: "localhost:4869"
2020/05/14 10:25:38 [error] 42850#0: *1 open() "/Users/dinhthienphuc/Projects/KAI/learn-nginx/html/_nuxt/765a26407b499d5ff202.js" failed (2: No such file or directory), client: 127.0.0.1, server: www.my-type.vn, request: "GET /_nuxt/765a26407b499d5ff202.js HTTP/1.1", host: "localhost:4869", referrer: "http://localhost:4869/game"
2020/05/14 10:25:38 [error] 42850#0: *3 open() "/Users/dinhthienphuc/Projects/KAI/learn-nginx/html/_nuxt/ca97a57273192f94d62b.js" failed (2: No such file or directory), client: 127.0.0.1, server: www.my-type.vn, request: "GET /_nuxt/ca97a57273192f94d62b.js HTTP/1.1", host: "localhost:4869", referrer: "http://localhost:4869/game"
2020/05/14 10:25:38 [error] 42850#0: *4 open() "/Users/dinhthienphuc/Projects/KAI/learn-nginx/html/_nuxt/6cbc3674705dc81ba7d9.js" failed (2: No such file or directory), client: 127.0.0.1, server: www.my-type.vn, request: "GET /_nuxt/6cbc3674705dc81ba7d9.js HTTP/1.1", host: "localhost:4869", referrer: "http://localhost:4869/game"
2020/05/14 10:25:41 [error] 42850#0: *4 open() "/Users/dinhthienphuc/Projects/KAI/learn-nginx/html/_nuxt/765a26407b499d5ff202.js" failed (2: No such file or directory), client: 127.0.0.1, server: www.my-type.vn, request: "GET /_nuxt/765a26407b499d5ff202.js HTTP/1.1", host: "localhost:4869", referrer: "http://localhost:4869/game"
2020/05/14 10:25:41 [error] 42850#0: *3 open() "/Users/dinhthienphuc/Projects/KAI/learn-nginx/html/_nuxt/ca97a57273192f94d62b.js" failed (2: No such file or directory), client: 127.0.0.1, server: www.my-type.vn, request: "GET /_nuxt/ca97a57273192f94d62b.js HTTP/1.1", host: "localhost:4869", referrer: "http://localhost:4869/game"
2020/05/14 10:25:41 [error] 42850#0: *1 open() "/Users/dinhthienphuc/Projects/KAI/learn-nginx/html/_nuxt/6cbc3674705dc81ba7d9.js" failed (2: No such file or directory), client: 127.0.0.1, server: www.my-type.vn, request: "GET /_nuxt/6cbc3674705dc81ba7d9.js HTTP/1.1", host: "localhost:4869", referrer: "http://localhost:4869/game"
2020/05/14 10:25:55 [error] 42850#0: *1 open() "/Users/dinhthienphuc/Projects/KAI/learn-nginx/html/_nuxt/765a26407b499d5ff202.js" failed (2: No such file or directory), client: 127.0.0.1, server: www.my-type.vn, request: "GET /_nuxt/765a26407b499d5ff202.js HTTP/1.1", host: "localhost:4869", referrer: "http://localhost:4869/game"
2020/05/14 10:25:55 [error] 42850#0: *3 open() "/Users/dinhthienphuc/Projects/KAI/learn-nginx/html/_nuxt/ca97a57273192f94d62b.js" failed (2: No such file or directory), client: 127.0.0.1, server: www.my-type.vn, request: "GET /_nuxt/ca97a57273192f94d62b.js HTTP/1.1", host: "localhost:4869", referrer: "http://localhost:4869/game"
2020/05/14 10:25:55 [error] 42850#0: *4 open() "/Users/dinhthienphuc/Projects/KAI/learn-nginx/html/_nuxt/6cbc3674705dc81ba7d9.js" failed (2: No such file or directory), client: 127.0.0.1, server: www.my-type.vn, request: "GET /_nuxt/6cbc3674705dc81ba7d9.js HTTP/1.1", host: "localhost:4869", referrer: "http://localhost:4869/game"
2020/05/14 10:25:58 [error] 42850#0: *4 open() "/Users/dinhthienphuc/Projects/KAI/learn-nginx/html/_nuxt/765a26407b499d5ff202.js" failed (2: No such file or directory), client: 127.0.0.1, server: www.my-type.vn, request: "GET /_nuxt/765a26407b499d5ff202.js HTTP/1.1", host: "localhost:4869", referrer: "http://localhost:4869/game"
2020/05/14 10:25:58 [error] 42850#0: *3 open() "/Users/dinhthienphuc/Projects/KAI/learn-nginx/html/_nuxt/ca97a57273192f94d62b.js" failed (2: No such file or directory), client: 127.0.0.1, server: www.my-type.vn, request: "GET /_nuxt/ca97a57273192f94d62b.js HTTP/1.1", host: "localhost:4869", referrer: "http://localhost:4869/game"
2020/05/14 10:25:58 [error] 42850#0: *1 open() "/Users/dinhthienphuc/Projects/KAI/learn-nginx/html/_nuxt/6cbc3674705dc81ba7d9.js" failed (2: No such file or directory), client: 127.0.0.1, server: www.my-type.vn, request: "GET /_nuxt/6cbc3674705dc81ba7d9.js HTTP/1.1", host: "localhost:4869", referrer: "http://localhost:4869/game"
2020/05/14 10:26:00 [error] 42850#0: *1 open() "/Users/dinhthienphuc/Projects/KAI/learn-nginx/html/_nuxt/765a26407b499d5ff202.js" failed (2: No such file or directory), client: 127.0.0.1, server: www.my-type.vn, request: "GET /_nuxt/765a26407b499d5ff202.js HTTP/1.1", host: "localhost:4869", referrer: "http://localhost:4869/game"
2020/05/14 10:26:00 [error] 42850#0: *3 open() "/Users/dinhthienphuc/Projects/KAI/learn-nginx/html/_nuxt/ca97a57273192f94d62b.js" failed (2: No such file or directory), client: 127.0.0.1, server: www.my-type.vn, request: "GET /_nuxt/ca97a57273192f94d62b.js HTTP/1.1", host: "localhost:4869", referrer: "http://localhost:4869/game"
2020/05/14 10:26:00 [error] 42850#0: *4 open() "/Users/dinhthienphuc/Projects/KAI/learn-nginx/html/_nuxt/6cbc3674705dc81ba7d9.js" failed (2: No such file or directory), client: 127.0.0.1, server: www.my-type.vn, request: "GET /_nuxt/6cbc3674705dc81ba7d9.js HTTP/1.1", host: "localhost:4869", referrer: "http://localhost:4869/game"
2020/05/14 10:26:31 [error] 42850#0: *4 open() "/Users/dinhthienphuc/Projects/KAI/learn-nginx/html/_nuxt/765a26407b499d5ff202.js" failed (2: No such file or directory), client: 127.0.0.1, server: www.my-type.vn, request: "GET /_nuxt/765a26407b499d5ff202.js HTTP/1.1", host: "localhost:4869", referrer: "http://localhost:4869/game"
2020/05/14 10:26:31 [error] 42850#0: *3 open() "/Users/dinhthienphuc/Projects/KAI/learn-nginx/html/_nuxt/ca97a57273192f94d62b.js" failed (2: No such file or directory), client: 127.0.0.1, server: www.my-type.vn, request: "GET /_nuxt/ca97a57273192f94d62b.js HTTP/1.1", host: "localhost:4869", referrer: "http://localhost:4869/game"
2020/05/14 10:26:31 [error] 42850#0: *1 open() "/Users/dinhthienphuc/Projects/KAI/learn-nginx/html/_nuxt/6cbc3674705dc81ba7d9.js" failed (2: No such file or directory), client: 127.0.0.1, server: www.my-type.vn, request: "GET /_nuxt/6cbc3674705dc81ba7d9.js HTTP/1.1", host: "localhost:4869", referrer: "http://localhost:4869/game"
2020/05/14 10:30:26 [error] 43074#0: *1 open() "/Users/dinhthienphuc/Projects/KAI/learn-nginx/html.html" failed (2: No such file or directory), client: 127.0.0.1, server: www.my-type.vn, request: "GET /test.html HTTP/1.1", host: "localhost:4869"
2020/05/14 10:30:28 [error] 43074#0: *1 open() "/Users/dinhthienphuc/Projects/KAI/learn-nginx/html.html" failed (2: No such file or directory), client: 127.0.0.1, server: www.my-type.vn, request: "GET /test.html HTTP/1.1", host: "localhost:4869"
2020/05/14 10:33:29 [error] 43122#0: *1 directory index of "/Users/dinhthienphuc/Projects/KAI/learn-nginx/html" is forbidden, client: 127.0.0.1, server: www.my-type.vn, request: "GET // HTTP/1.1", host: "localhost:4869"
2020/05/14 10:33:33 [error] 43122#0: *2 open() "/Users/dinhthienphuc/Projects/KAI/learn-nginx/htmlor.html" failed (2: No such file or directory), client: 127.0.0.1, server: www.my-type.vn, request: "GET /error.html HTTP/1.1", host: "localhost:4869"
2020/05/14 10:33:41 [error] 43122#0: *2 open() "/Users/dinhthienphuc/Projects/KAI/learn-nginx/htmlor" failed (2: No such file or directory), client: 127.0.0.1, server: www.my-type.vn, request: "GET /error HTTP/1.1", host: "localhost:4869"
2020/05/14 10:44:29 [error] 43173#0: *1 open() "/Users/dinhthienphuc/Projects/KAI/learn-nginx/html2.jpeg" failed (2: No such file or directory), client: 127.0.0.1, server: www.my-type.vn, request: "GET /test.jpeg HTTP/1.1", host: "localhost:4869"
2020/05/14 10:44:35 [error] 43173#0: *1 open() "/Users/dinhthienphuc/Projects/KAI/learn-nginx/html2.jpeg" failed (2: No such file or directory), client: 127.0.0.1, server: www.my-type.vn, request: "GET /test.jpeg HTTP/1.1", host: "localhost:4869"
2020/05/14 10:44:38 [error] 43173#0: *1 open() "/Users/dinhthienphuc/Projects/KAI/learn-nginx/htmlstatic/test.jpeg" failed (2: No such file or directory), client: 127.0.0.1, server: www.my-type.vn, request: "GET /static/test.jpeg HTTP/1.1", host: "localhost:4869"
2020/05/14 10:45:10 [error] 43216#0: *1 "/Users/dinhthienphuc/Projects/KAI/learn-nginx/htmlstatic/index.html" is not found (2: No such file or directory), client: 127.0.0.1, server: www.my-type.vn, request: "GET /static/ HTTP/1.1", host: "localhost:4869"
2020/05/14 10:45:24 [error] 43216#0: *4 open() "/Users/dinhthienphuc/Projects/KAI/learn-nginx/html2.jpeg" failed (2: No such file or directory), client: 127.0.0.1, server: www.my-type.vn, request: "GET /test.jpeg HTTP/1.1", host: "localhost:4869"
2020/05/14 10:45:45 [error] 43216#0: *4 open() "/Users/dinhthienphuc/Projects/KAI/learn-nginx/htmlstatic/test.jpeg" failed (2: No such file or directory), client: 127.0.0.1, server: www.my-type.vn, request: "GET /static/test.jpeg HTTP/1.1", host: "localhost:4869"
2020/05/14 10:45:47 [error] 43216#0: *1 open() "/Users/dinhthienphuc/Projects/KAI/learn-nginx/htmlp/test.jpeg" failed (2: No such file or directory), client: 127.0.0.1, server: www.my-type.vn, request: "GET /p/test.jpeg HTTP/1.1", host: "localhost:4869"
2020/05/14 10:45:47 [error] 43216#0: *1 open() "/Users/dinhthienphuc/Projects/KAI/learn-nginx/htmlpu/test.jpeg" failed (2: No such file or directory), client: 127.0.0.1, server: www.my-type.vn, request: "GET /pu/test.jpeg HTTP/1.1", host: "localhost:4869"
2020/05/14 10:45:47 [error] 43216#0: *1 open() "/Users/dinhthienphuc/Projects/KAI/learn-nginx/htmlpub/test.jpeg" failed (2: No such file or directory), client: 127.0.0.1, server: www.my-type.vn, request: "GET /pub/test.jpeg HTTP/1.1", host: "localhost:4869"
2020/05/14 10:45:47 [error] 43216#0: *1 open() "/Users/dinhthienphuc/Projects/KAI/learn-nginx/htmlpubl/test.jpeg" failed (2: No such file or directory), client: 127.0.0.1, server: www.my-type.vn, request: "GET /publ/test.jpeg HTTP/1.1", host: "localhost:4869"
2020/05/14 10:45:47 [error] 43216#0: *1 open() "/Users/dinhthienphuc/Projects/KAI/learn-nginx/htmlpubli/test.jpeg" failed (2: No such file or directory), client: 127.0.0.1, server: www.my-type.vn, request: "GET /publi/test.jpeg HTTP/1.1", host: "localhost:4869"
2020/05/14 10:45:48 [error] 43216#0: *4 open() "/Users/dinhthienphuc/Projects/KAI/learn-nginx/htmlpublic/test.jpeg" failed (2: No such file or directory), client: 127.0.0.1, server: www.my-type.vn, request: "GET /public/test.jpeg HTTP/1.1", host: "localhost:4869"
2020/05/14 10:46:18 [error] 43280#0: *1 open() "/Users/dinhthienphuc/Projects/KAI/learn-nginx/htmlpublic/test.jpeg" failed (2: No such file or directory), client: 127.0.0.1, server: www.my-type.vn, request: "GET /public/test.jpeg HTTP/1.1", host: "localhost:4869"
2020/05/14 10:46:21 [error] 43280#0: *1 open() "/Users/dinhthienphuc/Projects/KAI/learn-nginx/static/static/test.jpeg" failed (2: No such file or directory), client: 127.0.0.1, server: www.my-type.vn, request: "GET /static/test.jpeg HTTP/1.1", host: "localhost:4869"
2020/05/14 10:46:25 [error] 43280#0: *1 open() "/Users/dinhthienphuc/Projects/KAI/learn-nginx/html2.jpeg" failed (2: No such file or directory), client: 127.0.0.1, server: www.my-type.vn, request: "GET /test.jpeg HTTP/1.1", host: "localhost:4869"
2020/05/14 10:46:41 [error] 43280#0: *4 open() "/Users/dinhthienphuc/Projects/KAI/learn-nginx/htmlpublic." failed (2: No such file or directory), client: 127.0.0.1, server: www.my-type.vn, request: "GET /public. HTTP/1.1", host: "localhost:4869"
2020/05/14 10:46:42 [error] 43280#0: *4 open() "/Users/dinhthienphuc/Projects/KAI/learn-nginx/htmlpublic/s" failed (2: No such file or directory), client: 127.0.0.1, server: www.my-type.vn, request: "GET /public/s HTTP/1.1", host: "localhost:4869"
2020/05/14 10:46:42 [error] 43280#0: *4 open() "/Users/dinhthienphuc/Projects/KAI/learn-nginx/htmlpublic/st" failed (2: No such file or directory), client: 127.0.0.1, server: www.my-type.vn, request: "GET /public/st HTTP/1.1", host: "localhost:4869"
2020/05/14 10:46:42 [error] 43280#0: *4 "/Users/dinhthienphuc/Projects/KAI/learn-nginx/htmlpublic/index.html" is not found (2: No such file or directory), client: 127.0.0.1, server: www.my-type.vn, request: "GET /public/ HTTP/1.1", host: "localhost:4869"
2020/05/14 10:46:44 [error] 43280#0: *1 open() "/Users/dinhthienphuc/Projects/KAI/learn-nginx/htmlpublic/test.jpeg" failed (2: No such file or directory), client: 127.0.0.1, server: www.my-type.vn, request: "GET /public/test.jpeg HTTP/1.1", host: "localhost:4869"
2020/05/14 10:46:48 [error] 43280#0: *1 open() "/Users/dinhthienphuc/Projects/KAI/learn-nginx/static/static/test.jpeg" failed (2: No such file or directory), client: 127.0.0.1, server: www.my-type.vn, request: "GET /static/test.jpeg HTTP/1.1", host: "localhost:4869"
2020/05/14 10:46:50 [error] 43280#0: *4 open() "/Users/dinhthienphuc/Projects/KAI/learn-nginx/html2.jpeg" failed (2: No such file or directory), client: 127.0.0.1, server: www.my-type.vn, request: "GET //test.jpeg HTTP/1.1", host: "localhost:4869"
2020/05/14 10:46:50 [error] 43280#0: *1 open() "/Users/dinhthienphuc/Projects/KAI/learn-nginx/html2.jpeg" failed (2: No such file or directory), client: 127.0.0.1, server: www.my-type.vn, request: "GET /test.jpeg HTTP/1.1", host: "localhost:4869"
2020/05/14 10:47:32 [error] 43353#0: *1 open() "/Users/dinhthienphuc/Projects/KAI/learn-nginx/html2.jpeg" failed (2: No such file or directory), client: 127.0.0.1, server: www.my-type.vn, request: "GET /test.jpeg HTTP/1.1", host: "localhost:4869"
2020/05/14 10:47:35 [error] 43353#0: *3 open() "/Users/dinhthienphuc/Projects/KAI/learn-nginx/htmlto" failed (2: No such file or directory), client: 127.0.0.1, server: www.my-type.vn, request: "GET /to HTTP/1.1", host: "localhost:4869"
2020/05/14 10:47:35 [error] 43353#0: *3 open() "/Users/dinhthienphuc/Projects/KAI/learn-nginx/htmltod" failed (2: No such file or directory), client: 127.0.0.1, server: www.my-type.vn, request: "GET /tod HTTP/1.1", host: "localhost:4869"
2020/05/14 11:06:51 [error] 43545#0: *4 open() "/Users/dinhthienphuc/Projects/KAI/learn-nginx/htmltodo." failed (2: No such file or directory), client: 127.0.0.1, server: www.my-type.vn, request: "GET /todo. HTTP/1.1", host: "localhost:4869"
2020/05/14 11:06:52 [error] 43545#0: *1 open() "/Users/dinhthienphuc/Projects/KAI/learn-nginx/htmltodo." failed (2: No such file or directory), client: 127.0.0.1, server: www.my-type.vn, request: "GET /todo. HTTP/1.1", host: "localhost:4869"
2020/05/14 11:09:58 [error] 43903#0: *4 open() "/Users/dinhthienphuc/Projects/KAI/learn-nginx/statictest-" failed (2: No such file or directory), client: 127.0.0.1, server: www.my-type.vn, request: "GET /static/test- HTTP/1.1", host: "localhost:4869"
2020/05/14 11:10:00 [error] 43903#0: *1 open() "/Users/dinhthienphuc/Projects/KAI/learn-nginx/statictest.jpeg" failed (2: No such file or directory), client: 127.0.0.1, server: www.my-type.vn, request: "GET /static/test.jpeg HTTP/1.1", host: "localhost:4869"
2020/05/14 11:10:04 [error] 43903#0: *1 open() "/Users/dinhthienphuc/Projects/KAI/learn-nginx/htmltest.jpeg" failed (2: No such file or directory), client: 127.0.0.1, server: www.my-type.vn, request: "GET /test.jpeg HTTP/1.1", host: "localhost:4869"
2020/05/14 11:10:06 [error] 43903#0: *1 open() "/Users/dinhthienphuc/Projects/KAI/learn-nginx/htmltest.jpeg" failed (2: No such file or directory), client: 127.0.0.1, server: www.my-type.vn, request: "GET /test.jpeg HTTP/1.1", host: "localhost:4869"
2020/05/14 11:10:52 [error] 43951#0: *1 open() "/Users/dinhthienphuc/Projects/KAI/learn-nginx/htmltest.jpeg" failed (2: No such file or directory), client: 127.0.0.1, server: www.my-type.vn, request: "GET /test.jpeg HTTP/1.1", host: "localhost:4869"
2020/05/14 11:10:59 [error] 43951#0: *1 directory index of "/Users/dinhthienphuc/Projects/KAI/learn-nginx/html2" is forbidden, client: 127.0.0.1, server: www.my-type.vn, request: "GET /test/ HTTP/1.1", host: "localhost:4869"
2020/05/14 11:11:17 [error] 43992#0: *1 directory index of "/Users/dinhthienphuc/Projects/KAI/learn-nginx/html2" is forbidden, client: 127.0.0.1, server: www.my-type.vn, request: "GET /test/ HTTP/1.1", host: "localhost:4869"
2020/05/14 11:11:19 [error] 43992#0: *1 directory index of "/Users/dinhthienphuc/Projects/KAI/learn-nginx/html2" is forbidden, client: 127.0.0.1, server: www.my-type.vn, request: "GET /test/ HTTP/1.1", host: "localhost:4869"
2020/05/14 11:11:27 [error] 43992#0: *1 directory index of "/Users/dinhthienphuc/Projects/KAI/learn-nginx/html2" is forbidden, client: 127.0.0.1, server: www.my-type.vn, request: "GET /test/ HTTP/1.1", host: "localhost:4869"
2020/05/14 11:11:44 [error] 43992#0: *1 directory index of "/Users/dinhthienphuc/Projects/KAI/learn-nginx/html2" is forbidden, client: 127.0.0.1, server: www.my-type.vn, request: "GET /test/ HTTP/1.1", host: "localhost:4869"
2020/05/14 11:12:08 [error] 44069#0: *1 directory index of "/Users/dinhthienphuc/Projects/KAI/learn-nginx/html2" is forbidden, client: 127.0.0.1, server: www.my-type.vn, request: "GET /test/ HTTP/1.1", host: "localhost:4869"
2020/05/14 11:12:09 [error] 44069#0: *2 directory index of "/Users/dinhthienphuc/Projects/KAI/learn-nginx/html2" is forbidden, client: 127.0.0.1, server: www.my-type.vn, request: "GET /test/ HTTP/1.1", host: "localhost:4869"
2020/05/14 11:12:19 [error] 44069#0: *2 directory index of "/Users/dinhthienphuc/Projects/KAI/learn-nginx/html2" is forbidden, client: 127.0.0.1, server: www.my-type.vn, request: "GET /test/ HTTP/1.1", host: "localhost:4869"
2020/05/14 11:12:52 [error] 44069#0: *2 directory index of "/Users/dinhthienphuc/Projects/KAI/learn-nginx/html2" is forbidden, client: 127.0.0.1, server: www.my-type.vn, request: "GET /test/ HTTP/1.1", host: "localhost:4869"
2020/05/14 11:14:39 [error] 44120#0: *1 open() "/Users/dinhthienphuc/Projects/KAI/learn-nginx/static/IMG_2224.jpg" failed (2: No such file or directory), client: 127.0.0.1, server: www.my-type.vn, request: "GET /static/IMG_2224.jpg HTTP/1.1", host: "localhost:4869"
2020/05/14 11:17:34 [error] 44146#0: *3 open() "/Users/dinhthienphuc/Projects/KAI/learn-nginx/htmltf" failed (2: No such file or directory), client: 127.0.0.1, server: www.my-type.vn, request: "GET /tf HTTP/1.1", host: "localhost:4869"
2020/05/14 11:17:34 [error] 44146#0: *3 open() "/Users/dinhthienphuc/Projects/KAI/learn-nginx/htmlfavicon.ico" failed (2: No such file or directory), client: 127.0.0.1, server: www.my-type.vn, request: "GET /favicon.ico HTTP/1.1", host: "localhost:4869"
2020/05/14 11:29:56 [error] 44954#0: *4 open() "/Users/dinhthienphuc/Projects/KAI/learn-nginx/htmlstatu" failed (2: No such file or directory), client: 127.0.0.1, server: www.my-type.vn, request: "GET /statu HTTP/1.1", host: "localhost:4869"
2020/05/14 11:30:00 [error] 44954#0: *1 open() "/Users/dinhthienphuc/Projects/KAI/learn-nginx/test.jpeg" failed (2: No such file or directory), client: 127.0.0.1, server: www.my-type.vn, request: "GET /static/test.jpeg HTTP/1.1", host: "localhost:4869"
2020/05/14 11:30:01 [error] 44954#0: *1 open() "/Users/dinhthienphuc/Projects/KAI/learn-nginx/test.jpeg" failed (2: No such file or directory), client: 127.0.0.1, server: www.my-type.vn, request: "GET /static/test.jpeg HTTP/1.1", host: "localhost:4869"
2020/05/14 11:30:03 [error] 44954#0: *1 open() "/Users/dinhthienphuc/Projects/KAI/learn-nginx/test.jpeg" failed (2: No such file or directory), client: 127.0.0.1, server: www.my-type.vn, request: "GET /static/test.jpeg HTTP/1.1", host: "localhost:4869"
2020/05/14 11:30:39 [error] 45124#0: *1 open() "/Users/dinhthienphuc/Projects/KAI/learn-nginx/htmlstatic/test.jpeg" failed (2: No such file or directory), client: 127.0.0.1, server: www.my-type.vn, request: "GET /static/test.jpeg HTTP/1.1", host: "localhost:4869"
2020/05/14 11:30:40 [error] 45124#0: *1 open() "/Users/dinhthienphuc/Projects/KAI/learn-nginx/htmlstatic/test.jpeg" failed (2: No such file or directory), client: 127.0.0.1, server: www.my-type.vn, request: "GET /static/test.jpeg HTTP/1.1", host: "localhost:4869"
2020/05/14 11:33:20 [error] 45792#0: *3 open() "/Users/dinhthienphuc/Projects/KAI/learn-nginx/htmltft-" failed (2: No such file or directory), client: 127.0.0.1, server: www.my-type.vn, request: "GET /tft- HTTP/1.1", host: "localhost:4869"
2020/05/14 11:33:20 [error] 45792#0: *3 "/Users/dinhthienphuc/Projects/KAI/learn-nginx/htmltft/index.html" is not found (2: No such file or directory), client: 127.0.0.1, server: www.my-type.vn, request: "GET /tft/ HTTP/1.1", host: "localhost:4869"
2020/05/14 11:33:21 [error] 45792#0: *3 open() "/Users/dinhthienphuc/Projects/KAI/learn-nginx/htmltft/h" failed (2: No such file or directory), client: 127.0.0.1, server: www.my-type.vn, request: "GET /tft/h HTTP/1.1", host: "localhost:4869"
2020/05/14 11:33:21 [error] 45792#0: *3 open() "/Users/dinhthienphuc/Projects/KAI/learn-nginx/htmltft/ho" failed (2: No such file or directory), client: 127.0.0.1, server: www.my-type.vn, request: "GET /tft/ho HTTP/1.1", host: "localhost:4869"
2020/05/14 11:33:21 [error] 45792#0: *3 open() "/Users/dinhthienphuc/Projects/KAI/learn-nginx/htmltft/hom" failed (2: No such file or directory), client: 127.0.0.1, server: www.my-type.vn, request: "GET /tft/hom HTTP/1.1", host: "localhost:4869"
2020/05/14 11:52:46 [error] 47924#0: *1 directory index of "/Users/dinhthienphuc/Projects/KAI/learn-nginx/html" is forbidden, client: 127.0.0.1, server: www.my-type.vn, request: "GET / HTTP/1.1", host: "localhost:4869"
2020/05/14 11:52:48 [error] 47924#0: *1 directory index of "/Users/dinhthienphuc/Projects/KAI/learn-nginx/html" is forbidden, client: 127.0.0.1, server: www.my-type.vn, request: "GET / HTTP/1.1", host: "localhost:4869"
2020/05/14 11:52:50 [error] 47924#0: *1 directory index of "/Users/dinhthienphuc/Projects/KAI/learn-nginx/html" is forbidden, client: 127.0.0.1, server: www.my-type.vn, request: "GET / HTTP/1.1", host: "localhost:4869"
2020/05/14 11:52:51 [error] 47924#0: *1 directory index of "/Users/dinhthienphuc/Projects/KAI/learn-nginx/html" is forbidden, client: 127.0.0.1, server: www.my-type.vn, request: "GET / HTTP/1.1", host: "localhost:4869"
2020/05/14 11:52:55 [error] 47924#0: *1 directory index of "/Users/dinhthienphuc/Projects/KAI/learn-nginx/html" is forbidden, client: 127.0.0.1, server: www.my-type.vn, request: "GET / HTTP/1.1", host: "localhost:4869"
2020/05/14 11:53:02 [error] 47924#0: *1 directory index of "/Users/dinhthienphuc/Projects/KAI/learn-nginx/html" is forbidden, client: 127.0.0.1, server: www.my-type.vn, request: "GET / HTTP/1.1", host: "localhost:4869"
2020/05/14 11:53:32 [error] 47924#0: *1 directory index of "/Users/dinhthienphuc/Projects/KAI/learn-nginx/html" is forbidden, client: 127.0.0.1, server: www.my-type.vn, request: "GET / HTTP/1.1", host: "localhost:4869"
2020/05/14 11:53:38 [error] 47924#0: *5 "/Users/dinhthienphuc/Projects/KAI/learn-nginx/htmle/index.html" is not found (2: No such file or directory), client: 127.0.0.1, server: www.my-type.vn, request: "GET /e/ HTTP/1.1", host: "localhost:4869"
2020/05/14 11:53:38 [error] 47924#0: *5 "/Users/dinhthienphuc/Projects/KAI/learn-nginx/htmler/index.html" is not found (2: No such file or directory), client: 127.0.0.1, server: www.my-type.vn, request: "GET /er/ HTTP/1.1", host: "localhost:4869"
2020/05/14 11:55:19 [error] 48228#0: *3 open() "/Users/dinhthienphuc/Projects/KAI/learn-nginx/static/.jpeg" failed (2: No such file or directory), client: 127.0.0.1, server: www.my-type.vn, request: "GET /static/.jpeg HTTP/1.1", host: "localhost:4869"
2020/05/14 11:55:19 [error] 48228#0: *3 open() "/Users/dinhthienphuc/Projects/KAI/learn-nginx/static.jpeg" failed (2: No such file or directory), client: 127.0.0.1, server: www.my-type.vn, request: "GET /static.jpeg HTTP/1.1", host: "localhost:4869"
2020/05/14 11:55:20 [error] 48228#0: *3 open() "/Users/dinhthienphuc/Projects/KAI/learn-nginx/static.jpe" failed (2: No such file or directory), client: 127.0.0.1, server: www.my-type.vn, request: "GET /static.jpe HTTP/1.1", host: "localhost:4869"
2020/05/14 11:55:21 [error] 48228#0: *3 open() "/Users/dinhthienphuc/Projects/KAI/learn-nginx/static.jp" failed (2: No such file or directory), client: 127.0.0.1, server: www.my-type.vn, request: "GET /static.jp HTTP/1.1", host: "localhost:4869"
2020/05/14 11:55:21 [error] 48228#0: *3 open() "/Users/dinhthienphuc/Projects/KAI/learn-nginx/static.j" failed (2: No such file or directory), client: 127.0.0.1, server: www.my-type.vn, request: "GET /static.j HTTP/1.1", host: "localhost:4869"
2020/05/14 11:55:21 [error] 48228#0: *3 open() "/Users/dinhthienphuc/Projects/KAI/learn-nginx/static." failed (2: No such file or directory), client: 127.0.0.1, server: www.my-type.vn, request: "GET /static. HTTP/1.1", host: "localhost:4869"
2020/05/14 11:59:43 [error] 48924#0: *1 directory index of "/Users/dinhthienphuc/Projects/KAI/learn-nginx/html" is forbidden, client: 127.0.0.1, server: www.my-type.vn, request: "GET / HTTP/1.1", host: "localhost:4869"
2020/05/14 11:59:47 [error] 48924#0: *3 open() "/Users/dinhthienphuc/Projects/KAI/learn-nginx/html2e" failed (2: No such file or directory), client: 127.0.0.1, server: www.my-type.vn, request: "GET /teste HTTP/1.1", host: "localhost:4869"
2020/05/14 11:59:52 [error] 48924#0: *3 "/Users/dinhthienphuc/Projects/KAI/learn-nginx/htmls/index.html" is not found (2: No such file or directory), client: 127.0.0.1, server: www.my-type.vn, request: "GET /s/ HTTP/1.1", host: "localhost:4869"
2020/05/14 11:59:52 [error] 48924#0: *3 "/Users/dinhthienphuc/Projects/KAI/learn-nginx/htmlst/index.html" is not found (2: No such file or directory), client: 127.0.0.1, server: www.my-type.vn, request: "GET /st/ HTTP/1.1", host: "localhost:4869"
2020/05/14 11:59:52 [error] 48924#0: *3 "/Users/dinhthienphuc/Projects/KAI/learn-nginx/htmlsta/index.html" is not found (2: No such file or directory), client: 127.0.0.1, server: www.my-type.vn, request: "GET /sta/ HTTP/1.1", host: "localhost:4869"
2020/05/14 11:59:52 [error] 48924#0: *3 "/Users/dinhthienphuc/Projects/KAI/learn-nginx/htmlstat/index.html" is not found (2: No such file or directory), client: 127.0.0.1, server: www.my-type.vn, request: "GET /stat/ HTTP/1.1", host: "localhost:4869"
2020/05/14 11:59:52 [error] 48924#0: *3 "/Users/dinhthienphuc/Projects/KAI/learn-nginx/htmlstati/index.html" is not found (2: No such file or directory), client: 127.0.0.1, server: www.my-type.vn, request: "GET /stati/ HTTP/1.1", host: "localhost:4869"
2020/05/14 12:00:13 [error] 49002#0: *1 directory index of "/Users/dinhthienphuc/Projects/KAI/learn-nginx/html" is forbidden, client: 127.0.0.1, server: www.my-type.vn, request: "GET / HTTP/1.1", host: "localhost:4869"
2020/05/14 12:00:15 [error] 49002#0: *1 directory index of "/Users/dinhthienphuc/Projects/KAI/learn-nginx/html" is forbidden, client: 127.0.0.1, server: www.my-type.vn, request: "GET / HTTP/1.1", host: "localhost:4869"
2020/05/14 12:00:25 [error] 49078#0: *1 directory index of "/Users/dinhthienphuc/Projects/KAI/learn-nginx" is forbidden, client: 127.0.0.1, server: www.my-type.vn, request: "GET / HTTP/1.1", host: "localhost:4869"
2020/05/14 12:00:27 [error] 49078#0: *1 directory index of "/Users/dinhthienphuc/Projects/KAI/learn-nginx" is forbidden, client: 127.0.0.1, server: www.my-type.vn, request: "GET / HTTP/1.1", host: "localhost:4869"
2020/05/14 12:01:00 [error] 49282#0: *1 directory index of "/Users/dinhthienphuc/Projects/KAI/learn-nginx/html" is forbidden, client: 127.0.0.1, server: www.my-type.vn, request: "GET / HTTP/1.1", host: "localhost:4869"
2020/05/14 12:01:06 [error] 49282#0: *1 directory index of "/Users/dinhthienphuc/Projects/KAI/learn-nginx/html" is forbidden, client: 127.0.0.1, server: www.my-type.vn, request: "GET // HTTP/1.1", host: "localhost:4869"
2020/05/14 12:01:09 [error] 49282#0: *1 directory index of "/Users/dinhthienphuc/Projects/KAI/learn-nginx/html" is forbidden, client: 127.0.0.1, server: www.my-type.vn, request: "GET / HTTP/1.1", host: "localhost:4869"
2020/05/14 12:02:00 [error] 49347#0: *4 open() "/Users/dinhthienphuc/Projects/KAI/learn-nginx/htmlb" failed (2: No such file or directory), client: 127.0.0.1, server: www.my-type.vn, request: "GET /b HTTP/1.1", host: "localhost:4869"
2020/05/14 12:02:00 [error] 49347#0: *4 open() "/Users/dinhthienphuc/Projects/KAI/learn-nginx/htmlba" failed (2: No such file or directory), client: 127.0.0.1, server: www.my-type.vn, request: "GET /ba HTTP/1.1", host: "localhost:4869"
2020/05/14 12:02:00 [error] 49347#0: *4 open() "/Users/dinhthienphuc/Projects/KAI/learn-nginx/htmlbal" failed (2: No such file or directory), client: 127.0.0.1, server: www.my-type.vn, request: "GET /bal HTTP/1.1", host: "localhost:4869"
2020/05/14 12:02:00 [error] 49347#0: *4 open() "/Users/dinhthienphuc/Projects/KAI/learn-nginx/htmlbala" failed (2: No such file or directory), client: 127.0.0.1, server: www.my-type.vn, request: "GET /bala HTTP/1.1", host: "localhost:4869"
2020/05/14 12:02:01 [error] 49347#0: *4 open() "/Users/dinhthienphuc/Projects/KAI/learn-nginx/htmlbalan" failed (2: No such file or directory), client: 127.0.0.1, server: www.my-type.vn, request: "GET /balan HTTP/1.1", host: "localhost:4869"
2020/05/14 12:02:01 [error] 49347#0: *4 open() "/Users/dinhthienphuc/Projects/KAI/learn-nginx/htmlbalanc" failed (2: No such file or directory), client: 127.0.0.1, server: www.my-type.vn, request: "GET /balanc HTTP/1.1", host: "localhost:4869"
2020/05/14 12:02:01 [error] 49347#0: *4 open() "/Users/dinhthienphuc/Projects/KAI/learn-nginx/htmlbalance" failed (2: No such file or directory), client: 127.0.0.1, server: www.my-type.vn, request: "GET /balance HTTP/1.1", host: "localhost:4869"
2020/05/14 12:02:01 [error] 49347#0: *4 open() "/Users/dinhthienphuc/Projects/KAI/learn-nginx/htmlbalance-" failed (2: No such file or directory), client: 127.0.0.1, server: www.my-type.vn, request: "GET /balance- HTTP/1.1", host: "localhost:4869"
2020/05/14 12:02:02 [error] 49347#0: *4 open() "/Users/dinhthienphuc/Projects/KAI/learn-nginx/htmlbalance-l" failed (2: No such file or directory), client: 127.0.0.1, server: www.my-type.vn, request: "GET /balance-l HTTP/1.1", host: "localhost:4869"
2020/05/14 12:02:02 [error] 49347#0: *4 open() "/Users/dinhthienphuc/Projects/KAI/learn-nginx/htmlbalance-lo" failed (2: No such file or directory), client: 127.0.0.1, server: www.my-type.vn, request: "GET /balance-lo HTTP/1.1", host: "localhost:4869"
2020/05/14 12:02:02 [error] 49347#0: *4 open() "/Users/dinhthienphuc/Projects/KAI/learn-nginx/htmlbalance-loa" failed (2: No such file or directory), client: 127.0.0.1, server: www.my-type.vn, request: "GET /balance-loa HTTP/1.1", host: "localhost:4869"
2020/05/14 12:02:02 [error] 49347#0: *1 open() "/Users/dinhthienphuc/Projects/KAI/learn-nginx/html_nuxt/765a26407b499d5ff202.js" failed (2: No such file or directory), client: 127.0.0.1, server: www.my-type.vn, request: "GET /_nuxt/765a26407b499d5ff202.js HTTP/1.1", host: "localhost:4869", referrer: "http://localhost:4869/balance-load"
2020/05/14 12:02:02 [error] 49347#0: *3 open() "/Users/dinhthienphuc/Projects/KAI/learn-nginx/html_nuxt/ca97a57273192f94d62b.js" failed (2: No such file or directory), client: 127.0.0.1, server: www.my-type.vn, request: "GET /_nuxt/ca97a57273192f94d62b.js HTTP/1.1", host: "localhost:4869", referrer: "http://localhost:4869/balance-load"
2020/05/14 12:02:06 [error] 49347#0: *3 open() "/Users/dinhthienphuc/Projects/KAI/learn-nginx/html_nuxt/765a26407b499d5ff202.js" failed (2: No such file or directory), client: 127.0.0.1, server: www.my-type.vn, request: "GET /_nuxt/765a26407b499d5ff202.js HTTP/1.1", host: "localhost:4869", referrer: "http://localhost:4869/balance-load"
2020/05/14 12:02:06 [error] 49347#0: *1 open() "/Users/dinhthienphuc/Projects/KAI/learn-nginx/html_nuxt/ca97a57273192f94d62b.js" failed (2: No such file or directory), client: 127.0.0.1, server: www.my-type.vn, request: "GET /_nuxt/ca97a57273192f94d62b.js HTTP/1.1", host: "localhost:4869", referrer: "http://localhost:4869/balance-load"
2020/05/14 12:02:08 [error] 49347#0: *1 open() "/Users/dinhthienphuc/Projects/KAI/learn-nginx/html_nuxt/765a26407b499d5ff202.js" failed (2: No such file or directory), client: 127.0.0.1, server: www.my-type.vn, request: "GET /_nuxt/765a26407b499d5ff202.js HTTP/1.1", host: "localhost:4869", referrer: "http://localhost:4869/balance-load"
2020/05/14 12:02:08 [error] 49347#0: *3 open() "/Users/dinhthienphuc/Projects/KAI/learn-nginx/html_nuxt/ca97a57273192f94d62b.js" failed (2: No such file or directory), client: 127.0.0.1, server: www.my-type.vn, request: "GET /_nuxt/ca97a57273192f94d62b.js HTTP/1.1", host: "localhost:4869", referrer: "http://localhost:4869/balance-load"
2020/05/14 12:02:09 [error] 49347#0: *3 open() "/Users/dinhthienphuc/Projects/KAI/learn-nginx/html_nuxt/765a26407b499d5ff202.js" failed (2: No such file or directory), client: 127.0.0.1, server: www.my-type.vn, request: "GET /_nuxt/765a26407b499d5ff202.js HTTP/1.1", host: "localhost:4869", referrer: "http://localhost:4869/balance-load"
2020/05/14 12:02:09 [error] 49347#0: *1 open() "/Users/dinhthienphuc/Projects/KAI/learn-nginx/html_nuxt/ca97a57273192f94d62b.js" failed (2: No such file or directory), client: 127.0.0.1, server: www.my-type.vn, request: "GET /_nuxt/ca97a57273192f94d62b.js HTTP/1.1", host: "localhost:4869", referrer: "http://localhost:4869/balance-load"
2020/05/14 12:02:10 [error] 49347#0: *1 open() "/Users/dinhthienphuc/Projects/KAI/learn-nginx/html_nuxt/765a26407b499d5ff202.js" failed (2: No such file or directory), client: 127.0.0.1, server: www.my-type.vn, request: "GET /_nuxt/765a26407b499d5ff202.js HTTP/1.1", host: "localhost:4869", referrer: "http://localhost:4869/balance-load"
2020/05/14 12:02:10 [error] 49347#0: *3 open() "/Users/dinhthienphuc/Projects/KAI/learn-nginx/html_nuxt/ca97a57273192f94d62b.js" failed (2: No such file or directory), client: 127.0.0.1, server: www.my-type.vn, request: "GET /_nuxt/ca97a57273192f94d62b.js HTTP/1.1", host: "localhost:4869", referrer: "http://localhost:4869/balance-load"
2020/05/14 14:13:55 [error] 49347#0: *23 open() "/Users/dinhthienphuc/Projects/KAI/learn-nginx/html_nuxt/765a26407b499d5ff202.js" failed (2: No such file or directory), client: 127.0.0.1, server: www.my-type.vn, request: "GET /_nuxt/765a26407b499d5ff202.js HTTP/1.1", host: "localhost:4869", referrer: "http://localhost:4869/balance-load"
2020/05/14 14:13:55 [error] 49347#0: *24 open() "/Users/dinhthienphuc/Projects/KAI/learn-nginx/html_nuxt/ca97a57273192f94d62b.js" failed (2: No such file or directory), client: 127.0.0.1, server: www.my-type.vn, request: "GET /_nuxt/ca97a57273192f94d62b.js HTTP/1.1", host: "localhost:4869", referrer: "http://localhost:4869/balance-load"
2020/05/14 14:13:57 [error] 49347#0: *24 open() "/Users/dinhthienphuc/Projects/KAI/learn-nginx/html_nuxt/765a26407b499d5ff202.js" failed (2: No such file or directory), client: 127.0.0.1, server: www.my-type.vn, request: "GET /_nuxt/765a26407b499d5ff202.js HTTP/1.1", host: "localhost:4869", referrer: "http://localhost:4869/balance-load"
2020/05/14 14:13:57 [error] 49347#0: *23 open() "/Users/dinhthienphuc/Projects/KAI/learn-nginx/html_nuxt/ca97a57273192f94d62b.js" failed (2: No such file or directory), client: 127.0.0.1, server: www.my-type.vn, request: "GET /_nuxt/ca97a57273192f94d62b.js HTTP/1.1", host: "localhost:4869", referrer: "http://localhost:4869/balance-load"
2020/05/14 14:13:58 [error] 49347#0: *23 open() "/Users/dinhthienphuc/Projects/KAI/learn-nginx/html_nuxt/765a26407b499d5ff202.js" failed (2: No such file or directory), client: 127.0.0.1, server: www.my-type.vn, request: "GET /_nuxt/765a26407b499d5ff202.js HTTP/1.1", host: "localhost:4869", referrer: "http://localhost:4869/balance-load"
2020/05/14 14:13:58 [error] 49347#0: *24 open() "/Users/dinhthienphuc/Projects/KAI/learn-nginx/html_nuxt/ca97a57273192f94d62b.js" failed (2: No such file or directory), client: 127.0.0.1, server: www.my-type.vn, request: "GET /_nuxt/ca97a57273192f94d62b.js HTTP/1.1", host: "localhost:4869", referrer: "http://localhost:4869/balance-load"
2020/05/14 14:13:59 [error] 49347#0: *24 open() "/Users/dinhthienphuc/Projects/KAI/learn-nginx/html_nuxt/765a26407b499d5ff202.js" failed (2: No such file or directory), client: 127.0.0.1, server: www.my-type.vn, request: "GET /_nuxt/765a26407b499d5ff202.js HTTP/1.1", host: "localhost:4869", referrer: "http://localhost:4869/balance-load"
2020/05/14 14:13:59 [error] 49347#0: *23 open() "/Users/dinhthienphuc/Projects/KAI/learn-nginx/html_nuxt/ca97a57273192f94d62b.js" failed (2: No such file or directory), client: 127.0.0.1, server: www.my-type.vn, request: "GET /_nuxt/ca97a57273192f94d62b.js HTTP/1.1", host: "localhost:4869", referrer: "http://localhost:4869/balance-load"
2020/05/14 14:20:33 [error] 49347#0: *41 open() "/Users/dinhthienphuc/Projects/KAI/learn-nginx/html_nuxt/765a26407b499d5ff202.js" failed (2: No such file or directory), client: 127.0.0.1, server: www.my-type.vn, request: "GET /_nuxt/765a26407b499d5ff202.js HTTP/1.1", host: "localhost:4869", referrer: "http://localhost:4869/balance-load"
2020/05/14 14:20:33 [error] 49347#0: *42 open() "/Users/dinhthienphuc/Projects/KAI/learn-nginx/html_nuxt/ca97a57273192f94d62b.js" failed (2: No such file or directory), client: 127.0.0.1, server: www.my-type.vn, request: "GET /_nuxt/ca97a57273192f94d62b.js HTTP/1.1", host: "localhost:4869", referrer: "http://localhost:4869/balance-load"
2020/05/14 14:20:36 [error] 49347#0: *42 open() "/Users/dinhthienphuc/Projects/KAI/learn-nginx/html_nuxt/765a26407b499d5ff202.js" failed (2: No such file or directory), client: 127.0.0.1, server: www.my-type.vn, request: "GET /_nuxt/765a26407b499d5ff202.js HTTP/1.1", host: "localhost:4869", referrer: "http://localhost:4869/balance-load"
2020/05/14 14:20:36 [error] 49347#0: *41 open() "/Users/dinhthienphuc/Projects/KAI/learn-nginx/html_nuxt/ca97a57273192f94d62b.js" failed (2: No such file or directory), client: 127.0.0.1, server: www.my-type.vn, request: "GET /_nuxt/ca97a57273192f94d62b.js HTTP/1.1", host: "localhost:4869", referrer: "http://localhost:4869/balance-load"
2020/05/14 14:20:37 [error] 49347#0: *42 open() "/Users/dinhthienphuc/Projects/KAI/learn-nginx/html_nuxt/765a26407b499d5ff202.js" failed (2: No such file or directory), client: 127.0.0.1, server: www.my-type.vn, request: "GET /_nuxt/765a26407b499d5ff202.js HTTP/1.1", host: "localhost:4869", referrer: "http://localhost:4869/balance-load"
2020/05/14 14:20:37 [error] 49347#0: *50 open() "/Users/dinhthienphuc/Projects/KAI/learn-nginx/html_nuxt/ca97a57273192f94d62b.js" failed (2: No such file or directory), client: 127.0.0.1, server: www.my-type.vn, request: "GET /_nuxt/ca97a57273192f94d62b.js HTTP/1.1", host: "localhost:4869", referrer: "http://localhost:4869/balance-load"
2020/05/14 14:22:03 [error] 49347#0: *50 directory index of "/Users/dinhthienphuc/Projects/KAI/learn-nginx/html2/" is forbidden, client: 127.0.0.1, server: www.my-type.vn, request: "GET /test/ HTTP/1.1", host: "localhost:4869"
2020/05/14 14:22:40 [error] 49858#0: *1 directory index of "/Users/dinhthienphuc/Projects/KAI/learn-nginx/html" is forbidden, client: 127.0.0.1, server: www.my-type.vn, request: "GET / HTTP/1.1", host: "localhost:4869"
2020/05/14 14:25:11 [error] 49858#0: *4 directory index of "/Users/dinhthienphuc/Projects/KAI/learn-nginx/html" is forbidden, client: 127.0.0.1, server: www.my-type.vn, request: "GET / HTTP/1.1", host: "localhost:4869"
2020/05/14 14:25:19 [error] 49858#0: *4 directory index of "/Users/dinhthienphuc/Projects/KAI/learn-nginx/html" is forbidden, client: 127.0.0.1, server: www.my-type.vn, request: "GET / HTTP/1.1", host: "localhost:4869"
2020/05/14 14:40:04 [error] 52884#0: *1 directory index of "/Users/dinhthienphuc/Projects/KAI/learn-nginx/html" is forbidden, client: 127.0.0.1, server: www.my-type.vn, request: "GET / HTTP/1.1", host: "localhost:4869"
2020/05/14 14:40:07 [error] 52884#0: *3 open() "/Users/dinhthienphuc/Projects/KAI/learn-nginx/htmlsa" failed (2: No such file or directory), client: 127.0.0.1, server: www.my-type.vn, request: "GET /sa HTTP/1.1", host: "localhost:4869"
2020/05/14 14:40:07 [error] 52884#0: *3 open() "/Users/dinhthienphuc/Projects/KAI/learn-nginx/htmlfavicon.ico" failed (2: No such file or directory), client: 127.0.0.1, server: www.my-type.vn, request: "GET /favicon.ico HTTP/1.1", host: "localhost:4869"
2020/05/14 14:40:12 [error] 52884#0: *3 open() "/Users/dinhthienphuc/Projects/KAI/learn-nginx/htmlv" failed (2: No such file or directory), client: 127.0.0.1, server: www.my-type.vn, request: "GET /v HTTP/1.1", host: "localhost:4869"
2020/05/14 14:40:12 [error] 52884#0: *3 open() "/Users/dinhthienphuc/Projects/KAI/learn-nginx/htmlbl" failed (2: No such file or directory), client: 127.0.0.1, server: www.my-type.vn, request: "GET /bl HTTP/1.1", host: "localhost:4869"
2020/05/14 14:40:12 [error] 52884#0: *3 open() "/Users/dinhthienphuc/Projects/KAI/learn-nginx/htmlbla" failed (2: No such file or directory), client: 127.0.0.1, server: www.my-type.vn, request: "GET /bla HTTP/1.1", host: "localhost:4869"
2020/05/14 14:40:13 [error] 52884#0: *3 open() "/Users/dinhthienphuc/Projects/KAI/learn-nginx/htmlbale" failed (2: No such file or directory), client: 127.0.0.1, server: www.my-type.vn, request: "GET /bale HTTP/1.1", host: "localhost:4869"
2020/05/14 14:40:19 [error] 52884#0: *1 open() "/Users/dinhthienphuc/Projects/KAI/learn-nginx/html_nuxt/765a26407b499d5ff202.js" failed (2: No such file or directory), client: 127.0.0.1, server: www.my-type.vn, request: "GET /_nuxt/765a26407b499d5ff202.js HTTP/1.1", host: "localhost:4869", referrer: "http://localhost:4869/balance-load"
2020/05/14 14:40:19 [error] 52884#0: *5 open() "/Users/dinhthienphuc/Projects/KAI/learn-nginx/html_nuxt/ca97a57273192f94d62b.js" failed (2: No such file or directory), client: 127.0.0.1, server: www.my-type.vn, request: "GET /_nuxt/ca97a57273192f94d62b.js HTTP/1.1", host: "localhost:4869", referrer: "http://localhost:4869/balance-load"
2020/05/14 14:40:20 [error] 52884#0: *5 open() "/Users/dinhthienphuc/Projects/KAI/learn-nginx/html_nuxt/765a26407b499d5ff202.js" failed (2: No such file or directory), client: 127.0.0.1, server: www.my-type.vn, request: "GET /_nuxt/765a26407b499d5ff202.js HTTP/1.1", host: "localhost:4869", referrer: "http://localhost:4869/balance-load"
2020/05/14 14:40:20 [error] 52884#0: *1 open() "/Users/dinhthienphuc/Projects/KAI/learn-nginx/html_nuxt/ca97a57273192f94d62b.js" failed (2: No such file or directory), client: 127.0.0.1, server: www.my-type.vn, request: "GET /_nuxt/ca97a57273192f94d62b.js HTTP/1.1", host: "localhost:4869", referrer: "http://localhost:4869/balance-load"
2020/05/14 14:40:21 [error] 52884#0: *1 open() "/Users/dinhthienphuc/Projects/KAI/learn-nginx/html_nuxt/765a26407b499d5ff202.js" failed (2: No such file or directory), client: 127.0.0.1, server: www.my-type.vn, request: "GET /_nuxt/765a26407b499d5ff202.js HTTP/1.1", host: "localhost:4869", referrer: "http://localhost:4869/balance-load"
2020/05/14 14:40:21 [error] 52884#0: *5 open() "/Users/dinhthienphuc/Projects/KAI/learn-nginx/html_nuxt/ca97a57273192f94d62b.js" failed (2: No such file or directory), client: 127.0.0.1, server: www.my-type.vn, request: "GET /_nuxt/ca97a57273192f94d62b.js HTTP/1.1", host: "localhost:4869", referrer: "http://localhost:4869/balance-load"
2020/05/14 14:54:14 [error] 54624#0: *15 directory index of "/Users/dinhthienphuc/Projects/KAI/learn-nginx/html" is forbidden, client: 127.0.0.1, server: www.my-type.vn, request: "GET / HTTP/1.1", host: "localhost:4869"
2020/05/14 14:54:19 [error] 54624#0: *15 open() "/Users/dinhthienphuc/Projects/KAI/learn-nginx/html_nuxt/765a26407b499d5ff202.js" failed (2: No such file or directory), client: 127.0.0.1, server: www.my-type.vn, request: "GET /_nuxt/765a26407b499d5ff202.js HTTP/1.1", host: "localhost:4869", referrer: "http://localhost:4869/balance-load"
2020/05/14 14:54:19 [error] 54624#0: *16 open() "/Users/dinhthienphuc/Projects/KAI/learn-nginx/html_nuxt/ca97a57273192f94d62b.js" failed (2: No such file or directory), client: 127.0.0.1, server: www.my-type.vn, request: "GET /_nuxt/ca97a57273192f94d62b.js HTTP/1.1", host: "localhost:4869", referrer: "http://localhost:4869/balance-load"
2020/05/14 14:54:21 [error] 54624#0: *16 open() "/Users/dinhthienphuc/Projects/KAI/learn-nginx/html_nuxt/765a26407b499d5ff202.js" failed (2: No such file or directory), client: 127.0.0.1, server: www.my-type.vn, request: "GET /_nuxt/765a26407b499d5ff202.js HTTP/1.1", host: "localhost:4869", referrer: "http://localhost:4869/balance-load"
2020/05/14 14:54:21 [error] 54624#0: *22 open() "/Users/dinhthienphuc/Projects/KAI/learn-nginx/html_nuxt/ca97a57273192f94d62b.js" failed (2: No such file or directory), client: 127.0.0.1, server: www.my-type.vn, request: "GET /_nuxt/ca97a57273192f94d62b.js HTTP/1.1", host: "localhost:4869", referrer: "http://localhost:4869/balance-load"
2020/05/14 14:54:22 [error] 54624#0: *22 open() "/Users/dinhthienphuc/Projects/KAI/learn-nginx/html_nuxt/765a26407b499d5ff202.js" failed (2: No such file or directory), client: 127.0.0.1, server: www.my-type.vn, request: "GET /_nuxt/765a26407b499d5ff202.js HTTP/1.1", host: "localhost:4869", referrer: "http://localhost:4869/balance-load"
2020/05/14 14:54:22 [error] 54624#0: *16 open() "/Users/dinhthienphuc/Projects/KAI/learn-nginx/html_nuxt/ca97a57273192f94d62b.js" failed (2: No such file or directory), client: 127.0.0.1, server: www.my-type.vn, request: "GET /_nuxt/ca97a57273192f94d62b.js HTTP/1.1", host: "localhost:4869", referrer: "http://localhost:4869/balance-load"
2020/05/14 14:54:31 [error] 54624#0: *16 open() "/Users/dinhthienphuc/Projects/KAI/learn-nginx/html_nuxt/765a26407b499d5ff202.js" failed (2: No such file or directory), client: 127.0.0.1, server: www.my-type.vn, request: "GET /_nuxt/765a26407b499d5ff202.js HTTP/1.1", host: "localhost:4869", referrer: "http://localhost:4869/balance-load"
2020/05/14 14:54:31 [error] 54624#0: *22 open() "/Users/dinhthienphuc/Projects/KAI/learn-nginx/html_nuxt/ca97a57273192f94d62b.js" failed (2: No such file or directory), client: 127.0.0.1, server: www.my-type.vn, request: "GET /_nuxt/ca97a57273192f94d62b.js HTTP/1.1", host: "localhost:4869", referrer: "http://localhost:4869/balance-load"
2020/05/14 14:54:32 [error] 54624#0: *22 open() "/Users/dinhthienphuc/Projects/KAI/learn-nginx/html_nuxt/765a26407b499d5ff202.js" failed (2: No such file or directory), client: 127.0.0.1, server: www.my-type.vn, request: "GET /_nuxt/765a26407b499d5ff202.js HTTP/1.1", host: "localhost:4869", referrer: "http://localhost:4869/balance-load"
2020/05/14 14:54:32 [error] 54624#0: *16 open() "/Users/dinhthienphuc/Projects/KAI/learn-nginx/html_nuxt/ca97a57273192f94d62b.js" failed (2: No such file or directory), client: 127.0.0.1, server: www.my-type.vn, request: "GET /_nuxt/ca97a57273192f94d62b.js HTTP/1.1", host: "localhost:4869", referrer: "http://localhost:4869/balance-load"
2020/05/14 14:54:33 [error] 54624#0: *16 open() "/Users/dinhthienphuc/Projects/KAI/learn-nginx/html_nuxt/765a26407b499d5ff202.js" failed (2: No such file or directory), client: 127.0.0.1, server: www.my-type.vn, request: "GET /_nuxt/765a26407b499d5ff202.js HTTP/1.1", host: "localhost:4869", referrer: "http://localhost:4869/balance-load"
2020/05/14 14:54:33 [error] 54624#0: *22 open() "/Users/dinhthienphuc/Projects/KAI/learn-nginx/html_nuxt/ca97a57273192f94d62b.js" failed (2: No such file or directory), client: 127.0.0.1, server: www.my-type.vn, request: "GET /_nuxt/ca97a57273192f94d62b.js HTTP/1.1", host: "localhost:4869", referrer: "http://localhost:4869/balance-load"
2020/05/14 14:54:34 [error] 54624#0: *22 open() "/Users/dinhthienphuc/Projects/KAI/learn-nginx/html_nuxt/765a26407b499d5ff202.js" failed (2: No such file or directory), client: 127.0.0.1, server: www.my-type.vn, request: "GET /_nuxt/765a26407b499d5ff202.js HTTP/1.1", host: "localhost:4869", referrer: "http://localhost:4869/balance-load"
2020/05/14 14:54:34 [error] 54624#0: *16 open() "/Users/dinhthienphuc/Projects/KAI/learn-nginx/html_nuxt/ca97a57273192f94d62b.js" failed (2: No such file or directory), client: 127.0.0.1, server: www.my-type.vn, request: "GET /_nuxt/ca97a57273192f94d62b.js HTTP/1.1", host: "localhost:4869", referrer: "http://localhost:4869/balance-load"
2020/05/14 14:54:35 [error] 54624#0: *16 open() "/Users/dinhthienphuc/Projects/KAI/learn-nginx/html_nuxt/765a26407b499d5ff202.js" failed (2: No such file or directory), client: 127.0.0.1, server: www.my-type.vn, request: "GET /_nuxt/765a26407b499d5ff202.js HTTP/1.1", host: "localhost:4869", referrer: "http://localhost:4869/balance-load"
2020/05/14 14:54:35 [error] 54624#0: *22 open() "/Users/dinhthienphuc/Projects/KAI/learn-nginx/html_nuxt/ca97a57273192f94d62b.js" failed (2: No such file or directory), client: 127.0.0.1, server: www.my-type.vn, request: "GET /_nuxt/ca97a57273192f94d62b.js HTTP/1.1", host: "localhost:4869", referrer: "http://localhost:4869/balance-load"
2020/05/14 14:54:35 [error] 54624#0: *16 open() "/Users/dinhthienphuc/Projects/KAI/learn-nginx/html_nuxt/765a26407b499d5ff202.js" failed (2: No such file or directory), client: 127.0.0.1, server: www.my-type.vn, request: "GET /_nuxt/765a26407b499d5ff202.js HTTP/1.1", host: "localhost:4869", referrer: "http://localhost:4869/balance-load"
2020/05/14 14:54:35 [error] 54624#0: *22 open() "/Users/dinhthienphuc/Projects/KAI/learn-nginx/html_nuxt/ca97a57273192f94d62b.js" failed (2: No such file or directory), client: 127.0.0.1, server: www.my-type.vn, request: "GET /_nuxt/ca97a57273192f94d62b.js HTTP/1.1", host: "localhost:4869", referrer: "http://localhost:4869/balance-load"
